"10-dispatch.cl", line 3:10, Syntax error: mismatched input '(' expecting {'}', '+', '-', '*', '/', '=', '<', '<='}
line 7:12 token recognition error at: '.'
"10-dispatch.cl", line 7:9, Syntax error: extraneous input 'self' expecting {FALSE, NOT, TRUE, ID, INT, '(', '~', STRING}
"10-dispatch.cl", line 7:15, Syntax error: mismatched input '(' expecting {'}', '+', '-', '*', '/', '=', '<', '<='}
"10-dispatch.cl", line 11:9, Syntax error: mismatched input 'new' expecting {FALSE, NOT, TRUE, ID, INT, '(', '~', STRING}
line 11:15 token recognition error at: '.'
line 11:24 token recognition error at: '.'
Compilation halted
