"13-let.cl", line 3:9, Syntax error: extraneous input 'let' expecting {FALSE, NOT, TRUE, ID, INT, '(', '~', STRING}
"13-let.cl", line 3:15, Syntax error: mismatched input ':' expecting {'}', '+', '-', '*', '/', '=', '<', '<='}
Compilation halted
