Loaded: trap.handler.nogc
The following symbols are undefined:
main

268501768
COOL program successfully executed
