Loaded: trap.handler.nogc
The following symbols are undefined:
main

0
0
failed
COOL program successfully executed
